I1206 03:18:26.231734  3020 cuckoo_watch.h:45] 3ms in ProcessBatch(batches_folder_kononovich\aaaaab.batch) [including 0ms in LoadMessage; 0ms in InitializeSparseNdw; 0ms in InferThetaAndUpdateNwtSparse; 0ms in CalculateScore(perp_score); 0ms in CalculateScore(sp_theta_score); 0ms in CalculateScore(^^^ItemsProcessedScore^^^); ]
I1206 03:18:26.232735  3020 processor.cc:802] Processor: start processing batch a9363713-2c9d-40fa-ae78-8647124db9da into model nwt
I1206 03:18:26.233737  1228 processor.cc:802] Processor: start processing batch 426d48e0-e35c-49a5-b9a5-fe1579fadfab into model nwt
I1206 03:18:26.236739  1228 processor.cc:898] Processor: complete processing batch 426d48e0-e35c-49a5-b9a5-fe1579fadfab into model nwt
I1206 03:18:26.236739  1228 cuckoo_watch.h:45] 3ms in ProcessBatch(batches_folder_kononovich\aaaaad.batch) [including 0ms in LoadMessage; 0ms in InitializeSparseNdw; 0ms in InferThetaAndUpdateNwtSparse; 0ms in CalculateScore(perp_score); 0ms in CalculateScore(sp_theta_score); 0ms in CalculateScore(^^^ItemsProcessedScore^^^); ]
I1206 03:18:26.237738  1228 processor.cc:802] Processor: start processing batch a28959cb-e3ec-45ae-b911-5a0ce9b5a2e5 into model nwt
I1206 03:18:26.241740  1228 processor.cc:898] Processor: complete processing batch a28959cb-e3ec-45ae-b911-5a0ce9b5a2e5 into model nwt
I1206 03:18:26.241740  1228 cuckoo_watch.h:45] 4ms in ProcessBatch(batches_folder_kononovich\aaaaae.batch) [including 0ms in LoadMessage; 0ms in InitializeSparseNdw; 1ms in InferThetaAndUpdateNwtSparse; 0ms in CalculateScore(perp_score); 0ms in CalculateScore(sp_theta_score); 1ms in CalculateScore(^^^ItemsProcessedScore^^^); ]
I1206 03:18:26.242743  1228 processor.cc:802] Processor: start processing batch 8fa3baa1-b732-49fa-82e9-d16dd827faec into model nwt
I1206 03:18:26.246747  1228 processor.cc:898] Processor: complete processing batch 8fa3baa1-b732-49fa-82e9-d16dd827faec into model nwt
I1206 03:18:26.246747  1228 cuckoo_watch.h:45] 4ms in ProcessBatch(batches_folder_kononovich\aaaaaf.batch) [including 0ms in LoadMessage; 0ms in InitializeSparseNdw; 1ms in InferThetaAndUpdateNwtSparse; 0ms in CalculateScore(perp_score); 0ms in CalculateScore(sp_theta_score); 0ms in CalculateScore(^^^ItemsProcessedScore^^^); ]
I1206 03:18:26.247747  1228 processor.cc:802] Processor: start processing batch 30cc12eb-dd1f-4ab7-99a9-89f72eb68e63 into model nwt
I1206 03:18:26.250746  1228 processor.cc:898] Processor: complete processing batch 30cc12eb-dd1f-4ab7-99a9-89f72eb68e63 into model nwt
I1206 03:18:26.251750  1228 cuckoo_watch.h:45] 4ms in ProcessBatch(batches_folder_kononovich\aaaaag.batch) [including 0ms in LoadMessage; 0ms in InitializeSparseNdw; 1ms in InferThetaAndUpdateNwtSparse; 0ms in CalculateScore(perp_score); 0ms in CalculateScore(sp_theta_score); 0ms in CalculateScore(^^^ItemsProcessedScore^^^); ]
I1206 03:18:26.251750  1228 processor.cc:802] Processor: start processing batch bde95d55-805c-4425-873b-25709a11e6ec into model nwt
I1206 03:18:26.256753  1228 processor.cc:898] Processor: complete processing batch bde95d55-805c-4425-873b-25709a11e6ec into model nwt
I1206 03:18:26.256753  1228 cuckoo_watch.h:45] 5ms in ProcessBatch(batches_folder_kononovich\aaaaah.batch) [including 0ms in LoadMessage; 0ms in InitializeSparseNdw; 1ms in InferThetaAndUpdateNwtSparse; 1ms in CalculateScore(perp_score); 0ms in CalculateScore(sp_theta_score); 1ms in CalculateScore(^^^ItemsProcessedScore^^^); ]
I1206 03:18:26.257755  1228 processor.cc:802] Processor: start processing batch c05b75e9-b633-444f-bf67-66db19b1c74c into model nwt
I1206 03:18:26.262755  3020 processor.cc:898] Processor: complete processing batch a9363713-2c9d-40fa-ae78-8647124db9da into model nwt
I1206 03:18:26.262755  3020 cuckoo_watch.h:45] 30ms in ProcessBatch(batches_folder_kononovich\aaaaac.batch) [including 0ms in LoadMessage; 0ms in InitializeSparseNdw; 27ms in InferThetaAndUpdateNwtSparse; 0ms in CalculateScore(perp_score); 0ms in CalculateScore(sp_theta_score); 0ms in CalculateScore(^^^ItemsProcessedScore^^^); ]
I1206 03:18:26.262755  1228 processor.cc:898] Processor: complete processing batch c05b75e9-b633-444f-bf67-66db19b1c74c into model nwt
I1206 03:18:26.262755  1228 cuckoo_watch.h:45] 6ms in ProcessBatch(batches_folder_kononovich\aaaaai.batch) [including 0ms in LoadMessage; 0ms in InitializeSparseNdw; 2ms in InferThetaAndUpdateNwtSparse; 1ms in CalculateScore(perp_score); 0ms in CalculateScore(sp_theta_score); 1ms in CalculateScore(^^^ItemsProcessedScore^^^); ]
I1206 03:18:26.263757  3020 processor.cc:802] Processor: start processing batch a33843dd-59e2-4023-89f7-85e999786e15 into model nwt
I1206 03:18:26.267760  3020 processor.cc:898] Processor: complete processing batch a33843dd-59e2-4023-89f7-85e999786e15 into model nwt
I1206 03:18:26.267760  3020 cuckoo_watch.h:45] 4ms in ProcessBatch(batches_folder_kononovich\aaaaaj.batch) [including 0ms in LoadMessage; 0ms in InitializeSparseNdw; 1ms in InferThetaAndUpdateNwtSparse; 1ms in CalculateScore(perp_score); 0ms in CalculateScore(sp_theta_score); 1ms in CalculateScore(^^^ItemsProcessedScore^^^); ]
I1206 03:18:26.269759  1936 master_component.cc:1378] RegularizeModelArgs: rwt_target_name=rwt, pwt_source_name=pwt, nwt_source_name=nwt
I1206 03:18:26.269759  1936 master_component.cc:922] MasterComponent: start regularizing model pwt
I1206 03:18:26.285773  1228 processor.cc:717] No data in processing queue, waiting...
I1206 03:18:26.293778  1936 master_component.cc:948] MasterComponent: complete regularizing model pwt
I1206 03:18:26.293778  1936 master_component.cc:1391] NormalizeModelArgs: pwt_target_name=pwt, nwt_source_name=nwt, rwt_source_name=rwt
I1206 03:18:26.293778  1936 master_component.cc:952] MasterComponent: start normalizing model nwt
I1206 03:18:26.306787  1936 master_component.cc:980] MasterComponent: complete normalizing model nwt
I1206 03:18:26.306787  1936 master_component.cc:1415] DisposeModel rwt
I1206 03:18:26.308789  1936 master_component.cc:1005] FitOffline: ItemsProcessed, num_items=100, num_batches=10, token_weight=12148, token_weight_in_effect=12148
I1206 03:18:26.308789  1612 c_interface.cc:559] Pass GetScoreValueArgs, score_name=^^^ItemsProcessedScore^^^ to MasterComponent::Request
I1206 03:18:26.308789  1612 c_interface.cc:230] ArtmCopyRequestedMessage is copying 45 bytes...
I1206 03:18:26.309787  1936 c_interface.cc:386] Pass FitOfflineMasterModelArgs, batch_filename_size=10, batch_weight_size=10, num_collection_passes=1 to void (__cdecl artm::core::MasterComponent::*)(class artm::FitOfflineMasterModelArgs const & __ptr64) __ptr64
I1206 03:18:26.309787  1936 master_component.cc:1340] ProcessBatchesArgs: nwt_target_name=nwt, batch_filename_size=10, batch_size=0, batch_weight_size=10, pwt_source_name=pwt, num_document_passes=1, regularizer=(name:lda_theta_reg, tau:0.01), regularizer=(name:lda_phi_reg, tau:0.01), reuse_theta=yes, opt_for_avx=yes, predict_class_id=
I1206 03:18:26.322794  1228 processor.cc:724] Processing queue has data, processing started
I1206 03:18:26.322794  1228 processor.cc:802] Processor: start processing batch cdde6300-f1ba-47c0-91fd-18802a1b3d50 into model nwt
I1206 03:18:26.327798  3020 processor.cc:802] Processor: start processing batch bddcdcc3-79e8-435c-9812-6d8a94cde524 into model nwt
I1206 03:18:26.330801  3020 processor.cc:898] Processor: complete processing batch bddcdcc3-79e8-435c-9812-6d8a94cde524 into model nwt
I1206 03:18:26.330801  3020 cuckoo_watch.h:45] 3ms in ProcessBatch(batches_folder_kononovich\aaaaab.batch) [including 0ms in LoadMessage; 0ms in InitializeSparseNdw; 0ms in InferThetaAndUpdateNwtSparse; 0ms in CalculateScore(perp_score); 0ms in CalculateScore(sp_theta_score); 0ms in CalculateScore(^^^ItemsProcessedScore^^^); ]
I1206 03:18:26.331802  3020 processor.cc:802] Processor: start processing batch a9363713-2c9d-40fa-ae78-8647124db9da into model nwt
I1206 03:18:26.332803  1228 processor.cc:898] Processor: complete processing batch cdde6300-f1ba-47c0-91fd-18802a1b3d50 into model nwt
I1206 03:18:26.332803  1228 cuckoo_watch.h:45] 10ms in ProcessBatch(batches_folder_kononovich\aaaaaa.batch) [including 0ms in LoadMessage; 0ms in InitializeSparseNdw; 0ms in InferThetaAndUpdateNwtSparse; 0ms in CalculateScore(perp_score); 0ms in CalculateScore(sp_theta_score); 7ms in CalculateScore(^^^ItemsProcessedScore^^^); ]
I1206 03:18:26.333803  1228 processor.cc:802] Processor: start processing batch 426d48e0-e35c-49a5-b9a5-fe1579fadfab into model nwt
I1206 03:18:26.334805  3020 processor.cc:898] Processor: complete processing batch a9363713-2c9d-40fa-ae78-8647124db9da into model nwt
I1206 03:18:26.335804  3020 cuckoo_watch.h:45] 4ms in ProcessBatch(batches_folder_kononovich\aaaaac.batch) [including 0ms in LoadMessage; 0ms in InitializeSparseNdw; 1ms in InferThetaAndUpdateNwtSparse; 0ms in CalculateScore(perp_score); 0ms in CalculateScore(sp_theta_score); 0ms in CalculateScore(^^^ItemsProcessedScore^^^); ]
I1206 03:18:26.335804  3020 processor.cc:802] Processor: start processing batch a28959cb-e3ec-45ae-b911-5a0ce9b5a2e5 into model nwt
I1206 03:18:26.336807  1228 processor.cc:898] Processor: complete processing batch 426d48e0-e35c-49a5-b9a5-fe1579fadfab into model nwt
I1206 03:18:26.336807  1228 cuckoo_watch.h:45] 3ms in ProcessBatch(batches_folder_kononovich\aaaaad.batch) [including 0ms in LoadMessage; 0ms in InitializeSparseNdw; 0ms in InferThetaAndUpdateNwtSparse; 0ms in CalculateScore(perp_score); 0ms in CalculateScore(sp_theta_score); 0ms in CalculateScore(^^^ItemsProcessedScore^^^); ]
I1206 03:18:26.337805  1228 processor.cc:802] Processor: start processing batch 8fa3baa1-b732-49fa-82e9-d16dd827faec into model nwt
I1206 03:18:26.339807  3020 processor.cc:898] Processor: complete processing batch a28959cb-e3ec-45ae-b911-5a0ce9b5a2e5 into model nwt
I1206 03:18:26.339807  3020 cuckoo_watch.h:45] 4ms in ProcessBatch(batches_folder_kononovich\aaaaae.batch) [including 0ms in LoadMessage; 0ms in InitializeSparseNdw; 1ms in InferThetaAndUpdateNwtSparse; 0ms in CalculateScore(perp_score); 0ms in CalculateScore(sp_theta_score); 1ms in CalculateScore(^^^ItemsProcessedScore^^^); ]
I1206 03:18:26.340807  3020 processor.cc:802] Processor: start processing batch 30cc12eb-dd1f-4ab7-99a9-89f72eb68e63 into model nwt
I1206 03:18:26.340807  1228 processor.cc:898] Processor: complete processing batch 8fa3baa1-b732-49fa-82e9-d16dd827faec into model nwt
I1206 03:18:26.341809  1228 cuckoo_watch.h:45] 4ms in ProcessBatch(batches_folder_kononovich\aaaaaf.batch) [including 0ms in LoadMessage; 0ms in InitializeSparseNdw; 1ms in InferThetaAndUpdateNwtSparse; 0ms in CalculateScore(perp_score); 0ms in CalculateScore(sp_theta_score); 1ms in CalculateScore(^^^ItemsProcessedScore^^^); ]
I1206 03:18:26.341809  1228 processor.cc:802] Processor: start processing batch bde95d55-805c-4425-873b-25709a11e6ec into model nwt
I1206 03:18:26.344810  3020 processor.cc:898] Processor: complete processing batch 30cc12eb-dd1f-4ab7-99a9-89f72eb68e63 into model nwt
I1206 03:18:26.344810  3020 cuckoo_watch.h:45] 4ms in ProcessBatch(batches_folder_kononovich\aaaaag.batch) [including 0ms in LoadMessage; 0ms in InitializeSparseNdw; 1ms in InferThetaAndUpdateNwtSparse; 0ms in CalculateScore(perp_score); 0ms in CalculateScore(sp_theta_score); 0ms in CalculateScore(^^^ItemsProcessedScore^^^); ]
I1206 03:18:26.345811  3020 processor.cc:802] Processor: start processing batch c05b75e9-b633-444f-bf67-66db19b1c74c into model nwt
I1206 03:18:26.345811  1228 processor.cc:898] Processor: complete processing batch bde95d55-805c-4425-873b-25709a11e6ec into model nwt
I1206 03:18:26.345811  1228 cuckoo_watch.h:45] 4ms in ProcessBatch(batches_folder_kononovich\aaaaah.batch) [including 0ms in LoadMessage; 0ms in InitializeSparseNdw; 1ms in InferThetaAndUpdateNwtSparse; 0ms in CalculateScore(perp_score); 0ms in CalculateScore(sp_theta_score); 0ms in CalculateScore(^^^ItemsProcessedScore^^^); ]
I1206 03:18:26.346813  1228 processor.cc:802] Processor: start processing batch a33843dd-59e2-4023-89f7-85e999786e15 into model nwt
I1206 03:18:26.349813  3020 processor.cc:898] Processor: complete processing batch c05b75e9-b633-444f-bf67-66db19b1c74c into model nwt
I1206 03:18:26.349813  3020 cuckoo_watch.h:45] 5ms in ProcessBatch(batches_folder_kononovich\aaaaai.batch) [including 0ms in LoadMessage; 0ms in InitializeSparseNdw; 1ms in InferThetaAndUpdateNwtSparse; 1ms in CalculateScore(perp_score); 0ms in CalculateScore(sp_theta_score); 1ms in CalculateScore(^^^ItemsProcessedScore^^^); ]
I1206 03:18:26.349813  1228 processor.cc:898] Processor: complete processing batch a33843dd-59e2-4023-89f7-85e999786e15 into model nwt
I1206 03:18:26.350813  1228 cuckoo_watch.h:45] 4ms in ProcessBatch(batches_folder_kononovich\aaaaaj.batch) [including 0ms in LoadMessage; 0ms in InitializeSparseNdw; 1ms in InferThetaAndUpdateNwtSparse; 0ms in CalculateScore(perp_score); 0ms in CalculateScore(sp_theta_score); 0ms in CalculateScore(^^^ItemsProcessedScore^^^); ]
I1206 03:18:26.350813  1936 master_component.cc:1378] RegularizeModelArgs: rwt_target_name=rwt, pwt_source_name=pwt, nwt_source_name=nwt
I1206 03:18:26.350813  1936 master_component.cc:922] MasterComponent: start regularizing model pwt
I1206 03:18:26.372828  1936 master_component.cc:948] MasterComponent: complete regularizing model pwt
I1206 03:18:26.372828  1936 master_component.cc:1391] NormalizeModelArgs: pwt_target_name=pwt, nwt_source_name=nwt, rwt_source_name=rwt
I1206 03:18:26.372828  1936 master_component.cc:952] MasterComponent: start normalizing model nwt
I1206 03:18:26.384835  1936 master_component.cc:980] MasterComponent: complete normalizing model nwt
I1206 03:18:26.384835  1936 master_component.cc:1415] DisposeModel rwt
I1206 03:18:26.386838  1936 master_component.cc:1005] FitOffline: ItemsProcessed, num_items=100, num_batches=10, token_weight=12148, token_weight_in_effect=12148
I1206 03:18:26.386838  1612 c_interface.cc:559] Pass GetScoreValueArgs, score_name=^^^ItemsProcessedScore^^^ to MasterComponent::Request
I1206 03:18:26.386838  1612 c_interface.cc:230] ArtmCopyRequestedMessage is copying 45 bytes...
I1206 03:18:26.387840  1936 c_interface.cc:386] Pass FitOfflineMasterModelArgs, batch_filename_size=10, batch_weight_size=10, num_collection_passes=1 to void (__cdecl artm::core::MasterComponent::*)(class artm::FitOfflineMasterModelArgs const & __ptr64) __ptr64
I1206 03:18:26.387840  1936 master_component.cc:1340] ProcessBatchesArgs: nwt_target_name=nwt, batch_filename_size=10, batch_size=0, batch_weight_size=10, pwt_source_name=pwt, num_document_passes=1, regularizer=(name:lda_theta_reg, tau:0.01), regularizer=(name:lda_phi_reg, tau:0.01), reuse_theta=yes, opt_for_avx=yes, predict_class_id=
I1206 03:18:26.404850  1228 processor.cc:802] Processor: start processing batch cdde6300-f1ba-47c0-91fd-18802a1b3d50 into model nwt
I1206 03:18:26.407851  1228 processor.cc:898] Processor: complete processing batch cdde6300-f1ba-47c0-91fd-18802a1b3d50 into model nwt
I1206 03:18:26.407851  1228 cuckoo_watch.h:45] 3ms in ProcessBatch(batches_folder_kononovich\aaaaaa.batch) [including 0ms in LoadMessage; 0ms in InitializeSparseNdw; 0ms in InferThetaAndUpdateNwtSparse; 0ms in CalculateScore(perp_score); 0ms in CalculateScore(sp_theta_score); 0ms in CalculateScore(^^^ItemsProcessedScore^^^); ]
I1206 03:18:26.408854  1228 processor.cc:802] Processor: start processing batch bddcdcc3-79e8-435c-9812-6d8a94cde524 into model nwt
I1206 03:18:26.411854  1228 processor.cc:898] Processor: complete processing batch bddcdcc3-79e8-435c-9812-6d8a94cde524 into model nwt
I1206 03:18:26.411854  1228 cuckoo_watch.h:45] 3ms in ProcessBatch(batches_folder_kononovich\aaaaab.batch) [including 0ms in LoadMessage; 0ms in InitializeSparseNdw; 0ms in InferThetaAndUpdateNwtSparse; 0ms in CalculateScore(perp_score); 0ms in CalculateScore(sp_theta_score); 0ms in CalculateScore(^^^ItemsProcessedScore^^^); ]
I1206 03:18:26.412855  1228 processor.cc:802] Processor: start processing batch a9363713-2c9d-40fa-ae78-8647124db9da into model nwt
I1206 03:18:26.416859  1228 processor.cc:898] Processor: complete processing batch a9363713-2c9d-40fa-ae78-8647124db9da into model nwt
I1206 03:18:26.416859  1228 cuckoo_watch.h:45] 4ms in ProcessBatch(batches_folder_kononovich\aaaaac.batch) [including 0ms in LoadMessage; 0ms in InitializeSparseNdw; 1ms in InferThetaAndUpdateNwtSparse; 1ms in CalculateScore(perp_score); 0ms in CalculateScore(sp_theta_score); 0ms in CalculateScore(^^^ItemsProcessedScore^^^); ]
I1206 03:18:26.417860  1228 processor.cc:802] Processor: start processing batch 426d48e0-e35c-49a5-b9a5-fe1579fadfab into model nwt
I1206 03:18:26.418861  3020 processor.cc:802] Processor: start processing batch a28959cb-e3ec-45ae-b911-5a0ce9b5a2e5 into model nwt
I1206 03:18:26.433869  1228 processor.cc:898] Processor: complete processing batch 426d48e0-e35c-49a5-b9a5-fe1579fadfab into model nwt
I1206 03:18:26.433869  1228 cuckoo_watch.h:45] 17ms in ProcessBatch(batches_folder_kononovich\aaaaad.batch) [including 0ms in LoadMessage; 0ms in InitializeSparseNdw; 14ms in InferThetaAndUpdateNwtSparse; 0ms in CalculateScore(perp_score); 0ms in CalculateScore(sp_theta_score); 0ms in CalculateScore(^^^ItemsProcessedScore^^^); ]
I1206 03:18:26.433869  3020 processor.cc:898] Processor: complete processing batch a28959cb-e3ec-45ae-b911-5a0ce9b5a2e5 into model nwt
I1206 03:18:26.434870  3020 cuckoo_watch.h:45] 16ms in ProcessBatch(batches_folder_kononovich\aaaaae.batch) [including 0ms in LoadMessage; 0ms in InitializeSparseNdw; 12ms in InferThetaAndUpdateNwtSparse; 1ms in CalculateScore(perp_score); 0ms in CalculateScore(sp_theta_score); 0ms in CalculateScore(^^^ItemsProcessedScore^^^); ]
I1206 03:18:26.434870  1228 processor.cc:802] Processor: start processing batch 8fa3baa1-b732-49fa-82e9-d16dd827faec into model nwt
I1206 03:18:26.434870  3020 processor.cc:802] Processor: start processing batch 30cc12eb-dd1f-4ab7-99a9-89f72eb68e63 into model nwt
I1206 03:18:26.438874  3020 processor.cc:898] Processor: complete processing batch 30cc12eb-dd1f-4ab7-99a9-89f72eb68e63 into model nwt
I1206 03:18:26.438874  1228 processor.cc:898] Processor: complete processing batch 8fa3baa1-b732-49fa-82e9-d16dd827faec into model nwt
I1206 03:18:26.439873  3020 cuckoo_watch.h:45] 4ms in ProcessBatch(batches_folder_kononovich\aaaaag.batch) [including 0ms in LoadMessage; 0ms in InitializeSparseNdw; 1ms in InferThetaAndUpdateNwtSparse; 1ms in CalculateScore(perp_score); 0ms in CalculateScore(sp_theta_score); 0ms in CalculateScore(^^^ItemsProcessedScore^^^); ]
I1206 03:18:26.439873  1228 cuckoo_watch.h:45] 5ms in ProcessBatch(batches_folder_kononovich\aaaaaf.batch) [including 0ms in LoadMessage; 0ms in InitializeSparseNdw; 1ms in InferThetaAndUpdateNwtSparse; 1ms in CalculateScore(perp_score); 0ms in CalculateScore(sp_theta_score); 0ms in CalculateScore(^^^ItemsProcessedScore^^^); ]
I1206 03:18:26.439873  3020 processor.cc:802] Processor: start processing batch bde95d55-805c-4425-873b-25709a11e6ec into model nwt
I1206 03:18:26.439873  1228 processor.cc:802] Processor: start processing batch c05b75e9-b633-444f-bf67-66db19b1c74c into model nwt
I1206 03:18:26.443876  3020 processor.cc:898] Processor: complete processing batch bde95d55-805c-4425-873b-25709a11e6ec into model nwt
I1206 03:18:26.443876  3020 cuckoo_watch.h:45] 4ms in ProcessBatch(batches_folder_kononovich\aaaaah.batch) [including 0ms in LoadMessage; 0ms in InitializeSparseNdw; 0ms in InferThetaAndUpdateNwtSparse; 0ms in CalculateScore(perp_score); 0ms in CalculateScore(sp_theta_score); 1ms in CalculateScore(^^^ItemsProcessedScore^^^); ]
I1206 03:18:26.444876  1228 processor.cc:898] Processor: complete processing batch c05b75e9-b633-444f-bf67-66db19b1c74c into model nwt
I1206 03:18:26.444876  1228 cuckoo_watch.h:45] 5ms in ProcessBatch(batches_folder_kononovich\aaaaai.batch) [including 0ms in LoadMessage; 0ms in InitializeSparseNdw; 1ms in InferThetaAndUpdateNwtSparse; 1ms in CalculateScore(perp_score); 0ms in CalculateScore(sp_theta_score); 1ms in CalculateScore(^^^ItemsProcessedScore^^^); ]
I1206 03:18:26.444876  3020 processor.cc:802] Processor: start processing batch a33843dd-59e2-4023-89f7-85e999786e15 into model nwt
I1206 03:18:26.448880  3020 processor.cc:898] Processor: complete processing batch a33843dd-59e2-4023-89f7-85e999786e15 into model nwt
I1206 03:18:26.448880  3020 cuckoo_watch.h:45] 5ms in ProcessBatch(batches_folder_kononovich\aaaaaj.batch) [including 0ms in LoadMessage; 0ms in InitializeSparseNdw; 1ms in InferThetaAndUpdateNwtSparse; 1ms in CalculateScore(perp_score); 0ms in CalculateScore(sp_theta_score); 1ms in CalculateScore(^^^ItemsProcessedScore^^^); ]
I1206 03:18:26.448880  1936 master_component.cc:1378] RegularizeModelArgs: rwt_target_name=rwt, pwt_source_name=pwt, nwt_source_name=nwt
I1206 03:18:26.448880  1936 master_component.cc:922] MasterComponent: start regularizing model pwt
I1206 03:18:26.467890  1228 processor.cc:717] No data in processing queue, waiting...
I1206 03:18:26.472895  3020 processor.cc:717] No data in processing queue, waiting...
I1206 03:18:26.472895  1936 master_component.cc:948] MasterComponent: complete regularizing model pwt
I1206 03:18:26.472895  1936 master_component.cc:1391] NormalizeModelArgs: pwt_target_name=pwt, nwt_source_name=nwt, rwt_source_name=rwt
I1206 03:18:26.472895  1936 master_component.cc:952] MasterComponent: start normalizing model nwt
I1206 03:18:26.484902  1936 master_component.cc:980] MasterComponent: complete normalizing model nwt
I1206 03:18:26.485904  1936 master_component.cc:1415] DisposeModel rwt
I1206 03:18:26.486905  1936 master_component.cc:1005] FitOffline: ItemsProcessed, num_items=100, num_batches=10, token_weight=12148, token_weight_in_effect=12148
I1206 03:18:26.487905  1612 c_interface.cc:559] Pass GetScoreValueArgs, score_name=^^^ItemsProcessedScore^^^ to MasterComponent::Request
I1206 03:18:26.487905  1612 c_interface.cc:230] ArtmCopyRequestedMessage is copying 45 bytes...
I1206 03:18:26.487905  1936 c_interface.cc:386] Pass FitOfflineMasterModelArgs, batch_filename_size=10, batch_weight_size=10, num_collection_passes=1 to void (__cdecl artm::core::MasterComponent::*)(class artm::FitOfflineMasterModelArgs const & __ptr64) __ptr64
I1206 03:18:26.487905  1936 master_component.cc:1340] ProcessBatchesArgs: nwt_target_name=nwt, batch_filename_size=10, batch_size=0, batch_weight_size=10, pwt_source_name=pwt, num_document_passes=1, regularizer=(name:lda_theta_reg, tau:0.01), regularizer=(name:lda_phi_reg, tau:0.01), reuse_theta=yes, opt_for_avx=yes, predict_class_id=
I1206 03:18:26.500911  3020 processor.cc:724] Processing queue has data, processing started
I1206 03:18:26.500911  1228 processor.cc:724] Processing queue has data, processing started
I1206 03:18:26.500911  1228 processor.cc:802] Processor: start processing batch bddcdcc3-79e8-435c-9812-6d8a94cde524 into model nwt
I1206 03:18:26.500911  3020 processor.cc:802] Processor: start processing batch cdde6300-f1ba-47c0-91fd-18802a1b3d50 into model nwt
I1206 03:18:26.503916  1228 processor.cc:898] Processor: complete processing batch bddcdcc3-79e8-435c-9812-6d8a94cde524 into model nwt
I1206 03:18:26.503916  1228 cuckoo_watch.h:45] 3ms in ProcessBatch(batches_folder_kononovich\aaaaab.batch) [including 0ms in LoadMessage; 0ms in InitializeSparseNdw; 0ms in InferThetaAndUpdateNwtSparse; 0ms in CalculateScore(perp_score); 0ms in CalculateScore(sp_theta_score); 0ms in CalculateScore(^^^ItemsProcessedScore^^^); ]
I1206 03:18:26.504916  1228 processor.cc:802] Processor: start processing batch a9363713-2c9d-40fa-ae78-8647124db9da into model nwt
I1206 03:18:26.508920  1228 processor.cc:898] Processor: complete processing batch a9363713-2c9d-40fa-ae78-8647124db9da into model nwt
I1206 03:18:26.508920  1228 cuckoo_watch.h:45] 4ms in ProcessBatch(batches_folder_kononovich\aaaaac.batch) [including 0ms in LoadMessage; 0ms in InitializeSparseNdw; 1ms in InferThetaAndUpdateNwtSparse; 0ms in CalculateScore(perp_score); 0ms in CalculateScore(sp_theta_score); 0ms in CalculateScore(^^^ItemsProcessedScore^^^); ]
I1206 03:18:26.509920  1228 processor.cc:802] Processor: start processing batch 426d48e0-e35c-49a5-b9a5-fe1579fadfab into model nwt
I1206 03:18:26.512923  1228 processor.cc:898] Processor: complete processing batch 426d48e0-e35c-49a5-b9a5-fe1579fadfab into model nwt
I1206 03:18:26.512923  1228 cuckoo_watch.h:45] 4ms in ProcessBatch(batches_folder_kononovich\aaaaad.batch) [including 0ms in LoadMessage; 0ms in InitializeSparseNdw; 0ms in InferThetaAndUpdateNwtSparse; 0ms in CalculateScore(perp_score); 0ms in CalculateScore(sp_theta_score); 0ms in CalculateScore(^^^ItemsProcessedScore^^^); ]
I1206 03:18:26.514922  1228 processor.cc:802] Processor: start processing batch a28959cb-e3ec-45ae-b911-5a0ce9b5a2e5 into model nwt
I1206 03:18:26.518926  1228 processor.cc:898] Processor: complete processing batch a28959cb-e3ec-45ae-b911-5a0ce9b5a2e5 into model nwt
I1206 03:18:26.518926  1228 cuckoo_watch.h:45] 4ms in ProcessBatch(batches_folder_kononovich\aaaaae.batch) [including 0ms in LoadMessage; 0ms in InitializeSparseNdw; 1ms in InferThetaAndUpdateNwtSparse; 1ms in CalculateScore(perp_score); 0ms in CalculateScore(sp_theta_score); 1ms in CalculateScore(^^^ItemsProcessedScore^^^); ]
I1206 03:18:26.519925  1228 processor.cc:802] Processor: start processing batch 8fa3baa1-b732-49fa-82e9-d16dd827faec into model nwt
I1206 03:18:26.521927  3020 processor.cc:898] Processor: complete processing batch cdde6300-f1ba-47c0-91fd-18802a1b3d50 into model nwt
I1206 03:18:26.521927  3020 cuckoo_watch.h:45] 21ms in ProcessBatch(batches_folder_kononovich\aaaaaa.batch) [including 0ms in LoadMessage; 0ms in InitializeSparseNdw; 0ms in InferThetaAndUpdateNwtSparse; 18ms in CalculateScore(perp_score); 0ms in CalculateScore(sp_theta_score); 0ms in CalculateScore(^^^ItemsProcessedScore^^^); ]
I1206 03:18:26.522927  3020 processor.cc:802] Processor: start processing batch 30cc12eb-dd1f-4ab7-99a9-89f72eb68e63 into model nwt
I1206 03:18:26.525929  3020 processor.cc:898] Processor: complete processing batch 30cc12eb-dd1f-4ab7-99a9-89f72eb68e63 into model nwt
I1206 03:18:26.525929  3020 cuckoo_watch.h:45] 4ms in ProcessBatch(batches_folder_kononovich\aaaaag.batch) [including 0ms in LoadMessage; 0ms in InitializeSparseNdw; 1ms in InferThetaAndUpdateNwtSparse; 0ms in CalculateScore(perp_score); 0ms in CalculateScore(sp_theta_score); 0ms in CalculateScore(^^^ItemsProcessedScore^^^); ]
I1206 03:18:26.526931  3020 processor.cc:802] Processor: start processing batch bde95d55-805c-4425-873b-25709a11e6ec into model nwt
I1206 03:18:26.530932  3020 processor.cc:898] Processor: complete processing batch bde95d55-805c-4425-873b-25709a11e6ec into model nwt
I1206 03:18:26.530932  3020 cuckoo_watch.h:45] 4ms in ProcessBatch(batches_folder_kononovich\aaaaah.batch) [including 0ms in LoadMessage; 0ms in InitializeSparseNdw; 1ms in InferThetaAndUpdateNwtSparse; 0ms in CalculateScore(perp_score); 0ms in CalculateScore(sp_theta_score); 0ms in CalculateScore(^^^ItemsProcessedScore^^^); ]
I1206 03:18:26.530932  3020 processor.cc:802] Processor: start processing batch c05b75e9-b633-444f-bf67-66db19b1c74c into model nwt
I1206 03:18:26.535936  3020 processor.cc:898] Processor: complete processing batch c05b75e9-b633-444f-bf67-66db19b1c74c into model nwt
I1206 03:18:26.535936  3020 cuckoo_watch.h:45] 5ms in ProcessBatch(batches_folder_kononovich\aaaaai.batch) [including 0ms in LoadMessage; 0ms in InitializeSparseNdw; 1ms in InferThetaAndUpdateNwtSparse; 1ms in CalculateScore(perp_score); 0ms in CalculateScore(sp_theta_score); 1ms in CalculateScore(^^^ItemsProcessedScore^^^); ]
I1206 03:18:26.536938  3020 processor.cc:802] Processor: start processing batch a33843dd-59e2-4023-89f7-85e999786e15 into model nwt
I1206 03:18:26.539938  3020 processor.cc:898] Processor: complete processing batch a33843dd-59e2-4023-89f7-85e999786e15 into model nwt
I1206 03:18:26.539938  3020 cuckoo_watch.h:45] 4ms in ProcessBatch(batches_folder_kononovich\aaaaaj.batch) [including 0ms in LoadMessage; 0ms in InitializeSparseNdw; 1ms in InferThetaAndUpdateNwtSparse; 1ms in CalculateScore(perp_score); 0ms in CalculateScore(sp_theta_score); 0ms in CalculateScore(^^^ItemsProcessedScore^^^); ]
I1206 03:18:26.555949  1228 processor.cc:898] Processor: complete processing batch 8fa3baa1-b732-49fa-82e9-d16dd827faec into model nwt
I1206 03:18:26.555949  1228 cuckoo_watch.h:45] 36ms in ProcessBatch(batches_folder_kononovich\aaaaaf.batch) [including 0ms in LoadMessage; 0ms in InitializeSparseNdw; 33ms in InferThetaAndUpdateNwtSparse; 1ms in CalculateScore(perp_score); 0ms in CalculateScore(sp_theta_score); 1ms in CalculateScore(^^^ItemsProcessedScore^^^); ]
I1206 03:18:26.572962  1936 master_component.cc:1378] RegularizeModelArgs: rwt_target_name=rwt, pwt_source_name=pwt, nwt_source_name=nwt
I1206 03:18:26.572962  1936 master_component.cc:922] MasterComponent: start regularizing model pwt
I1206 03:18:26.603981  1936 master_component.cc:948] MasterComponent: complete regularizing model pwt
I1206 03:18:26.604981  1936 master_component.cc:1391] NormalizeModelArgs: pwt_target_name=pwt, nwt_source_name=nwt, rwt_source_name=rwt
I1206 03:18:26.604981  1936 master_component.cc:952] MasterComponent: start normalizing model nwt
I1206 03:18:26.615989  1936 master_component.cc:980] MasterComponent: complete normalizing model nwt
I1206 03:18:26.615989  1936 master_component.cc:1415] DisposeModel rwt
I1206 03:18:26.617991  1936 master_component.cc:1005] FitOffline: ItemsProcessed, num_items=100, num_batches=10, token_weight=12148, token_weight_in_effect=12148
I1206 03:18:26.617991  1612 c_interface.cc:559] Pass GetScoreValueArgs, score_name=^^^ItemsProcessedScore^^^ to MasterComponent::Request
I1206 03:18:26.617991  1612 c_interface.cc:230] ArtmCopyRequestedMessage is copying 45 bytes...
I1206 03:18:26.618993  1936 c_interface.cc:386] Pass FitOfflineMasterModelArgs, batch_filename_size=10, batch_weight_size=10, num_collection_passes=1 to void (__cdecl artm::core::MasterComponent::*)(class artm::FitOfflineMasterModelArgs const & __ptr64) __ptr64
I1206 03:18:26.618993  1936 master_component.cc:1340] ProcessBatchesArgs: nwt_target_name=nwt, batch_filename_size=10, batch_size=0, batch_weight_size=10, pwt_source_name=pwt, num_document_passes=1, regularizer=(name:lda_theta_reg, tau:0.01), regularizer=(name:lda_phi_reg, tau:0.01), reuse_theta=yes, opt_for_avx=yes, predict_class_id=
I1206 03:18:26.660018  1228 processor.cc:802] Processor: start processing batch cdde6300-f1ba-47c0-91fd-18802a1b3d50 into model nwt
I1206 03:18:26.663020  1228 processor.cc:898] Processor: complete processing batch cdde6300-f1ba-47c0-91fd-18802a1b3d50 into model nwt
I1206 03:18:26.663020  1228 cuckoo_watch.h:45] 3ms in ProcessBatch(batches_folder_kononovich\aaaaaa.batch) [including 0ms in LoadMessage; 0ms in InitializeSparseNdw; 0ms in InferThetaAndUpdateNwtSparse; 0ms in CalculateScore(perp_score); 0ms in CalculateScore(sp_theta_score); 0ms in CalculateScore(^^^ItemsProcessedScore^^^); ]
I1206 03:18:26.664021  1228 processor.cc:802] Processor: start processing batch bddcdcc3-79e8-435c-9812-6d8a94cde524 into model nwt
I1206 03:18:26.667023  1228 processor.cc:898] Processor: complete processing batch bddcdcc3-79e8-435c-9812-6d8a94cde524 into model nwt
I1206 03:18:26.667023  1228 cuckoo_watch.h:45] 3ms in ProcessBatch(batches_folder_kononovich\aaaaab.batch) [including 0ms in LoadMessage; 0ms in InitializeSparseNdw; 0ms in InferThetaAndUpdateNwtSparse; 0ms in CalculateScore(perp_score); 0ms in CalculateScore(sp_theta_score); 0ms in CalculateScore(^^^ItemsProcessedScore^^^); ]
I1206 03:18:26.667023  1228 processor.cc:802] Processor: start processing batch a9363713-2c9d-40fa-ae78-8647124db9da into model nwt
I1206 03:18:26.671025  1228 processor.cc:898] Processor: complete processing batch a9363713-2c9d-40fa-ae78-8647124db9da into model nwt
I1206 03:18:26.671025  1228 cuckoo_watch.h:45] 4ms in ProcessBatch(batches_folder_kononovich\aaaaac.batch) [including 0ms in LoadMessage; 0ms in InitializeSparseNdw; 1ms in InferThetaAndUpdateNwtSparse; 0ms in CalculateScore(perp_score); 0ms in CalculateScore(sp_theta_score); 0ms in CalculateScore(^^^ItemsProcessedScore^^^); ]
I1206 03:18:26.672029  1228 processor.cc:802] Processor: start processing batch 426d48e0-e35c-49a5-b9a5-fe1579fadfab into model nwt
I1206 03:18:26.675029  1228 processor.cc:898] Processor: complete processing batch 426d48e0-e35c-49a5-b9a5-fe1579fadfab into model nwt
I1206 03:18:26.675029  1228 cuckoo_watch.h:45] 3ms in ProcessBatch(batches_folder_kononovich\aaaaad.batch) [including 0ms in LoadMessage; 0ms in InitializeSparseNdw; 0ms in InferThetaAndUpdateNwtSparse; 0ms in CalculateScore(perp_score); 0ms in CalculateScore(sp_theta_score); 0ms in CalculateScore(^^^ItemsProcessedScore^^^); ]
I1206 03:18:26.676031  1228 processor.cc:802] Processor: start processing batch a28959cb-e3ec-45ae-b911-5a0ce9b5a2e5 into model nwt
I1206 03:18:26.679031  1228 processor.cc:898] Processor: complete processing batch a28959cb-e3ec-45ae-b911-5a0ce9b5a2e5 into model nwt
I1206 03:18:26.679031  1228 cuckoo_watch.h:45] 4ms in ProcessBatch(batches_folder_kononovich\aaaaae.batch) [including 0ms in LoadMessage; 0ms in InitializeSparseNdw; 1ms in InferThetaAndUpdateNwtSparse; 0ms in CalculateScore(perp_score); 0ms in CalculateScore(sp_theta_score); 0ms in CalculateScore(^^^ItemsProcessedScore^^^); ]
I1206 03:18:26.680032  1228 processor.cc:802] Processor: start processing batch 8fa3baa1-b732-49fa-82e9-d16dd827faec into model nwt
I1206 03:18:26.684034  1228 processor.cc:898] Processor: complete processing batch 8fa3baa1-b732-49fa-82e9-d16dd827faec into model nwt
I1206 03:18:26.684034  1228 cuckoo_watch.h:45] 4ms in ProcessBatch(batches_folder_kononovich\aaaaaf.batch) [including 0ms in LoadMessage; 0ms in InitializeSparseNdw; 1ms in InferThetaAndUpdateNwtSparse; 0ms in CalculateScore(perp_score); 0ms in CalculateScore(sp_theta_score); 0ms in CalculateScore(^^^ItemsProcessedScore^^^); ]
I1206 03:18:26.684034  1228 processor.cc:802] Processor: start processing batch 30cc12eb-dd1f-4ab7-99a9-89f72eb68e63 into model nwt
I1206 03:18:26.688037  1228 processor.cc:898] Processor: complete processing batch 30cc12eb-dd1f-4ab7-99a9-89f72eb68e63 into model nwt
I1206 03:18:26.688037  1228 cuckoo_watch.h:45] 4ms in ProcessBatch(batches_folder_kononovich\aaaaag.batch) [including 0ms in LoadMessage; 0ms in InitializeSparseNdw; 0ms in InferThetaAndUpdateNwtSparse; 1ms in CalculateScore(perp_score); 0ms in CalculateScore(sp_theta_score); 0ms in CalculateScore(^^^ItemsProcessedScore^^^); ]
I1206 03:18:26.689038  3020 processor.cc:802] Processor: start processing batch c05b75e9-b633-444f-bf67-66db19b1c74c into model nwt
I1206 03:18:26.694042  3020 processor.cc:898] Processor: complete processing batch c05b75e9-b633-444f-bf67-66db19b1c74c into model nwt
I1206 03:18:26.694042  3020 cuckoo_watch.h:45] 5ms in ProcessBatch(batches_folder_kononovich\aaaaai.batch) [including 0ms in LoadMessage; 0ms in InitializeSparseNdw; 1ms in InferThetaAndUpdateNwtSparse; 1ms in CalculateScore(perp_score); 0ms in CalculateScore(sp_theta_score); 1ms in CalculateScore(^^^ItemsProcessedScore^^^); ]
I1206 03:18:26.695042  3020 processor.cc:802] Processor: start processing batch a33843dd-59e2-4023-89f7-85e999786e15 into model nwt
I1206 03:18:26.699046  3020 processor.cc:898] Processor: complete processing batch a33843dd-59e2-4023-89f7-85e999786e15 into model nwt
I1206 03:18:26.699046  3020 cuckoo_watch.h:45] 5ms in ProcessBatch(batches_folder_kononovich\aaaaaj.batch) [including 0ms in LoadMessage; 0ms in InitializeSparseNdw; 1ms in InferThetaAndUpdateNwtSparse; 1ms in CalculateScore(perp_score); 0ms in CalculateScore(sp_theta_score); 1ms in CalculateScore(^^^ItemsProcessedScore^^^); ]
I1206 03:18:26.700045  1228 processor.cc:802] Processor: start processing batch bde95d55-805c-4425-873b-25709a11e6ec into model nwt
I1206 03:18:26.704049  1228 processor.cc:898] Processor: complete processing batch bde95d55-805c-4425-873b-25709a11e6ec into model nwt
I1206 03:18:26.704049  1228 cuckoo_watch.h:45] 15ms in ProcessBatch(batches_folder_kononovich\aaaaah.batch) [including 11ms in LoadMessage; 0ms in InitializeSparseNdw; 1ms in InferThetaAndUpdateNwtSparse; 0ms in CalculateScore(perp_score); 0ms in CalculateScore(sp_theta_score); 0ms in CalculateScore(^^^ItemsProcessedScore^^^); ]
I1206 03:18:26.704049  1936 master_component.cc:1378] RegularizeModelArgs: rwt_target_name=rwt, pwt_source_name=pwt, nwt_source_name=nwt
I1206 03:18:26.704049  1936 master_component.cc:922] MasterComponent: start regularizing model pwt
I1206 03:18:26.729066  1936 master_component.cc:948] MasterComponent: complete regularizing model pwt
I1206 03:18:26.729066  1936 master_component.cc:1391] NormalizeModelArgs: pwt_target_name=pwt, nwt_source_name=nwt, rwt_source_name=rwt
I1206 03:18:26.729066  1936 master_component.cc:952] MasterComponent: start normalizing model nwt
I1206 03:18:26.742074  1936 master_component.cc:980] MasterComponent: complete normalizing model nwt
I1206 03:18:26.742074  1936 master_component.cc:1415] DisposeModel rwt
I1206 03:18:26.744076  1936 master_component.cc:1005] FitOffline: ItemsProcessed, num_items=100, num_batches=10, token_weight=12148, token_weight_in_effect=12148
I1206 03:18:26.745076  1612 c_interface.cc:559] Pass GetScoreValueArgs, score_name=^^^ItemsProcessedScore^^^ to MasterComponent::Request
I1206 03:18:26.745076  1612 c_interface.cc:230] ArtmCopyRequestedMessage is copying 45 bytes...
I1206 03:18:26.745076  1936 c_interface.cc:386] Pass FitOfflineMasterModelArgs, batch_filename_size=10, batch_weight_size=10, num_collection_passes=1 to void (__cdecl artm::core::MasterComponent::*)(class artm::FitOfflineMasterModelArgs const & __ptr64) __ptr64
I1206 03:18:26.745076  1936 master_component.cc:1340] ProcessBatchesArgs: nwt_target_name=nwt, batch_filename_size=10, batch_size=0, batch_weight_size=10, pwt_source_name=pwt, num_document_passes=1, regularizer=(name:lda_theta_reg, tau:0.01), regularizer=(name:lda_phi_reg, tau:0.01), reuse_theta=yes, opt_for_avx=yes, predict_class_id=
I1206 03:18:26.758083  1228 processor.cc:802] Processor: start processing batch cdde6300-f1ba-47c0-91fd-18802a1b3d50 into model nwt
I1206 03:18:26.761085  1228 processor.cc:898] Processor: complete processing batch cdde6300-f1ba-47c0-91fd-18802a1b3d50 into model nwt
I1206 03:18:26.761085  1228 cuckoo_watch.h:45] 3ms in ProcessBatch(batches_folder_kononovich\aaaaaa.batch) [including 0ms in LoadMessage; 0ms in InitializeSparseNdw; 0ms in InferThetaAndUpdateNwtSparse; 0ms in CalculateScore(perp_score); 0ms in CalculateScore(sp_theta_score); 0ms in CalculateScore(^^^ItemsProcessedScore^^^); ]
I1206 03:18:26.762087  1228 processor.cc:802] Processor: start processing batch bddcdcc3-79e8-435c-9812-6d8a94cde524 into model nwt
I1206 03:18:26.765087  1228 processor.cc:898] Processor: complete processing batch bddcdcc3-79e8-435c-9812-6d8a94cde524 into model nwt
I1206 03:18:26.765087  1228 cuckoo_watch.h:45] 3ms in ProcessBatch(batches_folder_kononovich\aaaaab.batch) [including 0ms in LoadMessage; 0ms in InitializeSparseNdw; 0ms in InferThetaAndUpdateNwtSparse; 0ms in CalculateScore(perp_score); 0ms in CalculateScore(sp_theta_score); 0ms in CalculateScore(^^^ItemsProcessedScore^^^); ]
I1206 03:18:26.765087  1228 processor.cc:802] Processor: start processing batch a9363713-2c9d-40fa-ae78-8647124db9da into model nwt
I1206 03:18:26.771095  1228 processor.cc:898] Processor: complete processing batch a9363713-2c9d-40fa-ae78-8647124db9da into model nwt
I1206 03:18:26.771095  1228 cuckoo_watch.h:45] 6ms in ProcessBatch(batches_folder_kononovich\aaaaac.batch) [including 0ms in LoadMessage; 0ms in InitializeSparseNdw; 2ms in InferThetaAndUpdateNwtSparse; 1ms in CalculateScore(perp_score); 0ms in CalculateScore(sp_theta_score); 1ms in CalculateScore(^^^ItemsProcessedScore^^^); ]
I1206 03:18:26.772094  1228 processor.cc:802] Processor: start processing batch 426d48e0-e35c-49a5-b9a5-fe1579fadfab into model nwt
I1206 03:18:26.775095  1228 processor.cc:898] Processor: complete processing batch 426d48e0-e35c-49a5-b9a5-fe1579fadfab into model nwt
I1206 03:18:26.776095  1228 cuckoo_watch.h:45] 4ms in ProcessBatch(batches_folder_kononovich\aaaaad.batch) [including 0ms in LoadMessage; 0ms in InitializeSparseNdw; 1ms in InferThetaAndUpdateNwtSparse; 0ms in CalculateScore(perp_score); 0ms in CalculateScore(sp_theta_score); 0ms in CalculateScore(^^^ItemsProcessedScore^^^); ]
I1206 03:18:26.796109  1228 processor.cc:802] Processor: start processing batch a28959cb-e3ec-45ae-b911-5a0ce9b5a2e5 into model nwt
I1206 03:18:26.800112  1228 processor.cc:898] Processor: complete processing batch a28959cb-e3ec-45ae-b911-5a0ce9b5a2e5 into model nwt
I1206 03:18:26.800112  1228 cuckoo_watch.h:45] 5ms in ProcessBatch(batches_folder_kononovich\aaaaae.batch) [including 0ms in LoadMessage; 0ms in InitializeSparseNdw; 1ms in InferThetaAndUpdateNwtSparse; 1ms in CalculateScore(perp_score); 0ms in CalculateScore(sp_theta_score); 1ms in CalculateScore(^^^ItemsProcessedScore^^^); ]
I1206 03:18:26.801113  1228 processor.cc:802] Processor: start processing batch 8fa3baa1-b732-49fa-82e9-d16dd827faec into model nwt
I1206 03:18:26.805116  1228 processor.cc:898] Processor: complete processing batch 8fa3baa1-b732-49fa-82e9-d16dd827faec into model nwt
I1206 03:18:26.805116  1228 cuckoo_watch.h:45] 4ms in ProcessBatch(batches_folder_kononovich\aaaaaf.batch) [including 0ms in LoadMessage; 0ms in InitializeSparseNdw; 1ms in InferThetaAndUpdateNwtSparse; 1ms in CalculateScore(perp_score); 0ms in CalculateScore(sp_theta_score); 0ms in CalculateScore(^^^ItemsProcessedScore^^^); ]
I1206 03:18:26.806118  1228 processor.cc:802] Processor: start processing batch 30cc12eb-dd1f-4ab7-99a9-89f72eb68e63 into model nwt
I1206 03:18:26.807119  3020 processor.cc:802] Processor: start processing batch bde95d55-805c-4425-873b-25709a11e6ec into model nwt
I1206 03:18:26.812119  1228 processor.cc:898] Processor: complete processing batch 30cc12eb-dd1f-4ab7-99a9-89f72eb68e63 into model nwt
I1206 03:18:26.812119  1228 cuckoo_watch.h:45] 7ms in ProcessBatch(batches_folder_kononovich\aaaaag.batch) [including 0ms in LoadMessage; 0ms in InitializeSparseNdw; 3ms in InferThetaAndUpdateNwtSparse; 1ms in CalculateScore(perp_score); 0ms in CalculateScore(sp_theta_score); 0ms in CalculateScore(^^^ItemsProcessedScore^^^); ]
I1206 03:18:26.813122  1228 processor.cc:802] Processor: start processing batch c05b75e9-b633-444f-bf67-66db19b1c74c into model nwt
I1206 03:18:26.815122  3020 processor.cc:898] Processor: complete processing batch bde95d55-805c-4425-873b-25709a11e6ec into model nwt
I1206 03:18:26.815122  3020 cuckoo_watch.h:45] 8ms in ProcessBatch(batches_folder_kononovich\aaaaah.batch) [including 0ms in LoadMessage; 0ms in InitializeSparseNdw; 1ms in InferThetaAndUpdateNwtSparse; 0ms in CalculateScore(perp_score); 0ms in CalculateScore(sp_theta_score); 0ms in CalculateScore(^^^ItemsProcessedScore^^^); ]
I1206 03:18:26.816124  3020 processor.cc:802] Processor: start processing batch a33843dd-59e2-4023-89f7-85e999786e15 into model nwt
I1206 03:18:26.817124  1228 processor.cc:898] Processor: complete processing batch c05b75e9-b633-444f-bf67-66db19b1c74c into model nwt
I1206 03:18:26.817124  1228 cuckoo_watch.h:45] 5ms in ProcessBatch(batches_folder_kononovich\aaaaai.batch) [including 0ms in LoadMessage; 0ms in InitializeSparseNdw; 1ms in InferThetaAndUpdateNwtSparse; 1ms in CalculateScore(perp_score); 0ms in CalculateScore(sp_theta_score); 1ms in CalculateScore(^^^ItemsProcessedScore^^^); ]
I1206 03:18:26.820125  3020 processor.cc:898] Processor: complete processing batch a33843dd-59e2-4023-89f7-85e999786e15 into model nwt
I1206 03:18:26.820125  3020 cuckoo_watch.h:45] 4ms in ProcessBatch(batches_folder_kononovich\aaaaaj.batch) [including 0ms in LoadMessage; 0ms in InitializeSparseNdw; 1ms in InferThetaAndUpdateNwtSparse; 1ms in CalculateScore(perp_score); 0ms in CalculateScore(sp_theta_score); 1ms in CalculateScore(^^^ItemsProcessedScore^^^); ]
I1206 03:18:26.820125  1936 master_component.cc:1378] RegularizeModelArgs: rwt_target_name=rwt, pwt_source_name=pwt, nwt_source_name=nwt
I1206 03:18:26.820125  1936 master_component.cc:922] MasterComponent: start regularizing model pwt
I1206 03:18:26.843140  1936 master_component.cc:948] MasterComponent: complete regularizing model pwt
I1206 03:18:26.843140  1936 master_component.cc:1391] NormalizeModelArgs: pwt_target_name=pwt, nwt_source_name=nwt, rwt_source_name=rwt
I1206 03:18:26.843140  1936 master_component.cc:952] MasterComponent: start normalizing model nwt
I1206 03:18:26.856149  1936 master_component.cc:980] MasterComponent: complete normalizing model nwt
I1206 03:18:26.856149  1936 master_component.cc:1415] DisposeModel rwt
I1206 03:18:26.858150  1936 master_component.cc:1005] FitOffline: ItemsProcessed, num_items=100, num_batches=10, token_weight=12148, token_weight_in_effect=12148
I1206 03:18:26.858150  1612 c_interface.cc:559] Pass GetScoreValueArgs, score_name=^^^ItemsProcessedScore^^^ to MasterComponent::Request
I1206 03:18:26.859151  1612 c_interface.cc:230] ArtmCopyRequestedMessage is copying 45 bytes...
I1206 03:18:26.859151  1936 c_interface.cc:386] Pass FitOfflineMasterModelArgs, batch_filename_size=10, batch_weight_size=10, num_collection_passes=1 to void (__cdecl artm::core::MasterComponent::*)(class artm::FitOfflineMasterModelArgs const & __ptr64) __ptr64
I1206 03:18:26.859151  1936 master_component.cc:1340] ProcessBatchesArgs: nwt_target_name=nwt, batch_filename_size=10, batch_size=0, batch_weight_size=10, pwt_source_name=pwt, num_document_passes=1, regularizer=(name:lda_theta_reg, tau:0.01), regularizer=(name:lda_phi_reg, tau:0.01), reuse_theta=yes, opt_for_avx=yes, predict_class_id=
I1206 03:18:26.876163  3020 processor.cc:802] Processor: start processing batch cdde6300-f1ba-47c0-91fd-18802a1b3d50 into model nwt
I1206 03:18:26.879164  3020 processor.cc:898] Processor: complete processing batch cdde6300-f1ba-47c0-91fd-18802a1b3d50 into model nwt
I1206 03:18:26.879164  3020 cuckoo_watch.h:45] 3ms in ProcessBatch(batches_folder_kononovich\aaaaaa.batch) [including 0ms in LoadMessage; 0ms in InitializeSparseNdw; 0ms in InferThetaAndUpdateNwtSparse; 0ms in CalculateScore(perp_score); 0ms in CalculateScore(sp_theta_score); 0ms in CalculateScore(^^^ItemsProcessedScore^^^); ]
I1206 03:18:26.880165  3020 processor.cc:802] Processor: start processing batch bddcdcc3-79e8-435c-9812-6d8a94cde524 into model nwt
I1206 03:18:26.882166  3020 processor.cc:898] Processor: complete processing batch bddcdcc3-79e8-435c-9812-6d8a94cde524 into model nwt
I1206 03:18:26.883167  3020 cuckoo_watch.h:45] 3ms in ProcessBatch(batches_folder_kononovich\aaaaab.batch) [including 0ms in LoadMessage; 0ms in InitializeSparseNdw; 0ms in InferThetaAndUpdateNwtSparse; 0ms in CalculateScore(perp_score); 0ms in CalculateScore(sp_theta_score); 0ms in CalculateScore(^^^ItemsProcessedScore^^^); ]
I1206 03:18:26.883167  3020 processor.cc:802] Processor: start processing batch a9363713-2c9d-40fa-ae78-8647124db9da into model nwt
I1206 03:18:26.884169  1228 processor.cc:802] Processor: start processing batch 426d48e0-e35c-49a5-b9a5-fe1579fadfab into model nwt
I1206 03:18:26.887171  3020 processor.cc:898] Processor: complete processing batch a9363713-2c9d-40fa-ae78-8647124db9da into model nwt
I1206 03:18:26.887171  3020 cuckoo_watch.h:45] 4ms in ProcessBatch(batches_folder_kononovich\aaaaac.batch) [including 0ms in LoadMessage; 0ms in InitializeSparseNdw; 1ms in InferThetaAndUpdateNwtSparse; 0ms in CalculateScore(perp_score); 0ms in CalculateScore(sp_theta_score); 0ms in CalculateScore(^^^ItemsProcessedScore^^^); ]
I1206 03:18:26.887171  1228 processor.cc:898] Processor: complete processing batch 426d48e0-e35c-49a5-b9a5-fe1579fadfab into model nwt
I1206 03:18:26.887171  1228 cuckoo_watch.h:45] 3ms in ProcessBatch(batches_folder_kononovich\aaaaad.batch) [including 0ms in LoadMessage; 0ms in InitializeSparseNdw; 0ms in InferThetaAndUpdateNwtSparse; 0ms in CalculateScore(perp_score); 0ms in CalculateScore(sp_theta_score); 0ms in CalculateScore(^^^ItemsProcessedScore^^^); ]
I1206 03:18:26.888170  3020 processor.cc:802] Processor: start processing batch a28959cb-e3ec-45ae-b911-5a0ce9b5a2e5 into model nwt
I1206 03:18:26.888170  1228 processor.cc:802] Processor: start processing batch 8fa3baa1-b732-49fa-82e9-d16dd827faec into model nwt
I1206 03:18:26.892172  1228 processor.cc:898] Processor: complete processing batch 8fa3baa1-b732-49fa-82e9-d16dd827faec into model nwt
I1206 03:18:26.892172  1228 cuckoo_watch.h:45] 4ms in ProcessBatch(batches_folder_kononovich\aaaaaf.batch) [including 0ms in LoadMessage; 0ms in InitializeSparseNdw; 0ms in InferThetaAndUpdateNwtSparse; 1ms in CalculateScore(perp_score); 0ms in CalculateScore(sp_theta_score); 0ms in CalculateScore(^^^ItemsProcessedScore^^^); ]
I1206 03:18:26.893173  1228 processor.cc:802] Processor: start processing batch 30cc12eb-dd1f-4ab7-99a9-89f72eb68e63 into model nwt
I1206 03:18:26.896175  1228 processor.cc:898] Processor: complete processing batch 30cc12eb-dd1f-4ab7-99a9-89f72eb68e63 into model nwt
I1206 03:18:26.896175  1228 cuckoo_watch.h:45] 4ms in ProcessBatch(batches_folder_kononovich\aaaaag.batch) [including 0ms in LoadMessage; 0ms in InitializeSparseNdw; 0ms in InferThetaAndUpdateNwtSparse; 0ms in CalculateScore(perp_score); 0ms in CalculateScore(sp_theta_score); 0ms in CalculateScore(^^^ItemsProcessedScore^^^); ]
I1206 03:18:26.897176  1228 processor.cc:802] Processor: start processing batch bde95d55-805c-4425-873b-25709a11e6ec into model nwt
I1206 03:18:26.900177  1228 processor.cc:898] Processor: complete processing batch bde95d55-805c-4425-873b-25709a11e6ec into model nwt
